{
  "code": "class Outer():\n   pass\n\no = Outer()\no.a = 5\no.b = \"Hi\"\nprint(o)\n\n", 
  "trace": [
    {
      "ordered_globals": [], 
      "stdout": "", 
      "func_name": "<module>", 
      "stack_to_render": [], 
      "globals": {}, 
      "heap": {}, 
      "line": 1, 
      "event": "step_line"
    }, 
    {
      "ordered_globals": [], 
      "stdout": "", 
      "func_name": "Outer", 
      "stack_to_render": [
        {
          "frame_id": 1, 
          "encoded_locals": {}, 
          "is_highlighted": true, 
          "is_parent": false, 
          "func_name": "Outer", 
          "is_zombie": false, 
          "parent_frame_id_list": [], 
          "unique_hash": "Outer_f1", 
          "ordered_varnames": []
        }
      ], 
      "globals": {}, 
      "heap": {}, 
      "line": 1, 
      "event": "call"
    }, 
    {
      "ordered_globals": [], 
      "stdout": "", 
      "func_name": "Outer", 
      "stack_to_render": [
        {
          "frame_id": 1, 
          "encoded_locals": {}, 
          "is_highlighted": true, 
          "is_parent": false, 
          "func_name": "Outer", 
          "is_zombie": false, 
          "parent_frame_id_list": [], 
          "unique_hash": "Outer_f1", 
          "ordered_varnames": []
        }
      ], 
      "globals": {}, 
      "heap": {}, 
      "line": 1, 
      "event": "step_line"
    }, 
    {
      "ordered_globals": [], 
      "stdout": "", 
      "func_name": "Outer", 
      "stack_to_render": [
        {
          "frame_id": 1, 
          "encoded_locals": {}, 
          "is_highlighted": true, 
          "is_parent": false, 
          "func_name": "Outer", 
          "is_zombie": false, 
          "parent_frame_id_list": [], 
          "unique_hash": "Outer_f1", 
          "ordered_varnames": []
        }
      ], 
      "globals": {}, 
      "heap": {}, 
      "line": 2, 
      "event": "step_line"
    }, 
    {
      "ordered_globals": [], 
      "stdout": "", 
      "func_name": "Outer", 
      "stack_to_render": [
        {
          "frame_id": 1, 
          "encoded_locals": {
            "__return__": [
              "REF", 
              1
            ]
          }, 
          "is_highlighted": true, 
          "is_parent": false, 
          "func_name": "Outer", 
          "is_zombie": false, 
          "parent_frame_id_list": [], 
          "unique_hash": "Outer_f1", 
          "ordered_varnames": [
            "__return__"
          ]
        }
      ], 
      "globals": {}, 
      "heap": {
        "1": [
          "DICT"
        ]
      }, 
      "line": 2, 
      "event": "return"
    }, 
    {
      "ordered_globals": [
        "Outer"
      ], 
      "stdout": "", 
      "func_name": "<module>", 
      "stack_to_render": [], 
      "globals": {
        "Outer": [
          "REF", 
          2
        ]
      }, 
      "heap": {
        "2": [
          "CLASS", 
          "Outer", 
          []
        ]
      }, 
      "line": 4, 
      "event": "step_line"
    }, 
    {
      "ordered_globals": [
        "Outer", 
        "o"
      ], 
      "stdout": "", 
      "func_name": "<module>", 
      "stack_to_render": [], 
      "globals": {
        "Outer": [
          "REF", 
          2
        ], 
        "o": [
          "REF", 
          3
        ]
      }, 
      "heap": {
        "2": [
          "CLASS", 
          "Outer", 
          []
        ], 
        "3": [
          "INSTANCE", 
          "Outer"
        ]
      }, 
      "line": 5, 
      "event": "step_line"
    }, 
    {
      "ordered_globals": [
        "Outer", 
        "o"
      ], 
      "stdout": "", 
      "func_name": "<module>", 
      "stack_to_render": [], 
      "globals": {
        "Outer": [
          "REF", 
          2
        ], 
        "o": [
          "REF", 
          3
        ]
      }, 
      "heap": {
        "2": [
          "CLASS", 
          "Outer", 
          []
        ], 
        "3": [
          "INSTANCE", 
          "Outer", 
          [
            "a", 
            5
          ]
        ]
      }, 
      "line": 6, 
      "event": "step_line"
    }, 
    {
      "ordered_globals": [
        "Outer", 
        "o"
      ], 
      "stdout": "", 
      "func_name": "<module>", 
      "stack_to_render": [], 
      "globals": {
        "Outer": [
          "REF", 
          2
        ], 
        "o": [
          "REF", 
          3
        ]
      }, 
      "heap": {
        "2": [
          "CLASS", 
          "Outer", 
          []
        ], 
        "3": [
          "INSTANCE", 
          "Outer", 
          [
            "a", 
            5
          ], 
          [
            "b", 
            "Hi"
          ]
        ]
      }, 
      "line": 7, 
      "event": "step_line"
    }, 
    {
      "ordered_globals": [
        "Outer", 
        "o"
      ], 
      "stdout": "<__main__.Outer instance at 0xADDR>\n", 
      "func_name": "<module>", 
      "stack_to_render": [], 
      "globals": {
        "Outer": [
          "REF", 
          2
        ], 
        "o": [
          "REF", 
          3
        ]
      }, 
      "heap": {
        "2": [
          "CLASS", 
          "Outer", 
          []
        ], 
        "3": [
          "INSTANCE", 
          "Outer", 
          [
            "a", 
            5
          ], 
          [
            "b", 
            "Hi"
          ]
        ]
      }, 
      "line": 7, 
      "event": "return"
    }
  ]
}
