{
  "code": "exec(\"import os; os.system('echo security breach')\")\n", 
  "trace": [
    {
      "ordered_globals": [], 
      "stdout": "", 
      "func_name": "<module>", 
      "stack_to_render": [], 
      "globals": {}, 
      "heap": {}, 
      "line": 1, 
      "event": "step_line"
    }, 
    {
      "ordered_globals": [], 
      "stdout": "", 
      "func_name": "<module>", 
      "stack_to_render": [], 
      "globals": {}, 
      "heap": {}, 
      "line": 1, 
      "event": "call"
    }, 
    {
      "ordered_globals": [], 
      "stdout": "", 
      "func_name": "<module>", 
      "stack_to_render": [], 
      "globals": {}, 
      "heap": {}, 
      "line": 1, 
      "event": "step_line"
    }, 
    {
      "ordered_globals": [], 
      "stdout": "", 
      "func_name": "<module>", 
      "stack_to_render": [], 
      "globals": {}, 
      "heap": {}, 
      "line": 1, 
      "event": "return"
    }, 
    {
      "ordered_globals": [], 
      "stdout": "", 
      "func_name": "<module>", 
      "stack_to_render": [], 
      "globals": {}, 
      "heap": {}, 
      "line": 1, 
      "event": "return"
    }, 
    {
      "exception_msg": "ImportError: os not supported", 
      "event": "uncaught_exception"
    }
  ]
}
